Blockchain-Based Library Book Lending Tracker (ALU)
Loading registries from '/tmp/tmp.f6Zu2lewOk'...
Registries: 6 book(s), 5 member(s), 7 copy record(s).
No saved chain found: started a new chain with a genesis block.
Overdue scan: nothing overdue.
Token model: UTXO. Difficulty: 1. Type 'help' for commands.
library> borrow_book B001 M001
Borrow request REQ000001 signed by M001 and added to the pending pool.
  Copy B001-C1, due 2026-10-22, nonce 0, status PENDING.
library> borrow_book B002 M002
Borrow request REQ000002 signed by M002 and added to the pending pool.
  Copy B002-C1, due 2026-10-22, nonce 0, status PENDING.
library> borrow_book B003 M003
Borrow request REQ000003 signed by M003 and added to the pending pool.
  Copy B003-C1, due 2026-10-22, nonce 0, status PENDING.
library> borrow_book B004 M004
Borrow request REQ000004 signed by M004 and added to the pending pool.
  Copy B004-C1, due 2026-10-22, nonce 0, status PENDING.
library> borrow_book B005 M005
Borrow request REQ000005 signed by M005 and added to the pending pool.
  Copy B005-C1, due 2026-10-22, nonce 0, status PENDING.
library> borrow_book B006 M001
Borrow request REQ000006 signed by M001 and added to the pending pool.
  Copy B006-C1, due 2026-10-22, nonce 1, status PENDING.
library> mine_pool 3
Mining block #1 at difficulty 1 (hash must start with 0)...
Block #1 mined in 17 hash attempt(s).
  Hash:      06193ce71d1d4083444ec4614cc8583d9a9ddd9c7afd361818ca844164717fc7
  Sealed by: POOL
  Contents:  5 lending record(s), 0 token transfer(s); 5 request(s) confirmed
  Mining reward: 50 (block reward) + 0 (fees) = 50 token(s)
  1 request(s) remain pending in the pool for the next block (batch limit or not yet eligible).
Pool mining with 3 miner(s): 1 round(s) of work covered the 17 attempts.
  MINER          HASH RATE  ATTEMPTS   SHARE %   REWARD
  POOLMINER1     60         3          17.65     8
  POOLMINER2     96         5          29.41     14
  POOLMINER3     125        9          52.94     27
  Total reward 50: pool fee (2%) 1 to POOL, 49 shared by attempts contributed.
UTXO set after this block:
  OWNER          AMOUNT   CREATED BY TX
  POOLMINER1     8        872fdfc5459a4262...
  POOLMINER2     14       8a33030935cca59b...
  POOLMINER3     27       72fd759f3f9ebdc0...
  POOL           1        f3712df61d440182...
  4 unspent output(s), 50 token(s) in circulation
Pending pool now holds 1 request(s).
library> difficulty_status
Proof-of-work difficulty: 1 (range 1-4)
  Target: block hash must start with 0
  Expected work: about 16 hash attempts per block (16^1)
  Blocks on the chain by the difficulty they were mined at:  d1: 1  d2: 0  d3: 0  d4: 0
  Block reward 50, pool fee 2%, cloud rental fee 20 per round, batch size 5 request(s) per block.
library> set_difficulty 3
Difficulty set to 3 for blocks mined from now on; earlier blocks keep the difficulty they were mined at.
library> mine_cloud 2 M002
Cloud mining: M002 rents 2 round(s) at 20 token(s) per round (block reward 50).
  ROUND  BLOCK   ATTEMPTS   REWARD   FEE    CUM REWARD   CUM FEES     NET
  1      #2      542        50       20     50           20           30
UTXO set after this block:
  OWNER          AMOUNT   CREATED BY TX
  POOLMINER1     8        872fdfc5459a4262...
  POOLMINER2     14       8a33030935cca59b...
  POOLMINER3     27       72fd759f3f9ebdc0...
  POOL           1        f3712df61d440182...
  M002           30       298578e092f7e5f3...
  5 unspent output(s), 80 token(s) in circulation
  Round 2: nothing left to mine (The pending pool has nothing eligible to mine (suspicious requests are never mined).) -- the remaining rounds are not rented.
Cloud mining summary (1 round(s) rented):
  Gross earnings: 50 token(s)
  Total rental fees: 20 token(s)
  Net profit: 30 token(s)
  M002 was credited the positive net of each round; fees are paid to the cloud provider outside the ledger.
library> difficulty_status
Proof-of-work difficulty: 3 (range 1-4)
  Target: block hash must start with 000
  Expected work: about 4096 hash attempts per block (16^3)
  Blocks on the chain by the difficulty they were mined at:  d1: 1  d2: 0  d3: 1  d4: 0
  Block reward 50, pool fee 2%, cloud rental fee 20 per round, batch size 5 request(s) per block.
library> chain_view
Blockchain: 3 block(s)
  #     TIME              RECS  DIFF SEALED BY    REWARD HASH
  0     2026-10-08 22:06  0     0    GENESIS      0      f49c4f68f6ddca905e46...
  1     2026-10-08 22:06  5     1    POOL         0      06193ce71d1d4083444e...
  2     2026-10-08 22:06  1     3    CLOUD-M002   0      00050597ec76bbb6595d...
Use 'chain_view <index>' for a block's header, Merkle root and records.
library> validate_chain
Validating 3 block(s): hash links, recomputed hashes, proof-of-work, Merkle roots, timestamps, ECDSA signatures, nonces and registry references...
Chain is VALID (3 block(s) checked).
library> exit
State saved to '/tmp/tmp.f6Zu2lewOk'. Goodbye.
